Program:
decls:
- FuncDecl:
  flags: (TopLevelDecl)
  name: main
  params:
  - FuncParam:
    name: args
    index: 0
    paramType:
      ArrayType:
      flags: (TypeAst)
      element:
        StringType:
        flags: (TypeAst)
  body:
    BlockStmt:
    stmts:
    - ExprStmt:
      expr:
        NullLit:
        value: null
    - ExprStmt:
      expr:
        BoolLit:
        value: true
    - ExprStmt:
      expr:
        BoolLit:
        value: false
    - ExprStmt:
      expr:
        CharLit:
        value: 'a'
    - ExprStmt:
      expr:
        CharLit:
        value: 'b'
    - ExprStmt:
      expr:
        CharLit:
        value: '

          '
    - ExprStmt:
      expr:
        CharLit:
        value: ''
    - ExprStmt:
      expr:
        CharLit:
        value: "\u754C"
    - ExprStmt:
      expr:
        CharLit:
        value: "\U0001F60A"
    - ExprStmt:
      expr:
        IntegerLit:
        value: 0
    - ExprStmt:
      expr:
        IntegerLit:
        value: 100
    - ExprStmt:
      expr:
        IntegerLit:
        value: -1
    - ExprStmt:
      expr:
        UnaryExpr:
        op: 24
        isPrefix: true
        lhs:
          IntegerLit:
          value: 1
    - ExprStmt:
      expr:
        UnaryExpr:
        op: 24
        isPrefix: true
        lhs:
          IntegerLit:
          value: 2
    - ExprStmt:
      expr:
        UnaryExpr:
        op: 24
        isPrefix: true
        lhs:
          IntegerLit:
          value: 9223372036854775807
    - ExprStmt:
      expr:
        IntegerLit:
        value: 4
    - ExprStmt:
      expr:
        IntegerLit:
        value: 10
    - ExprStmt:
      expr:
        IntegerLit:
        value: 511
    - ExprStmt:
      expr:
        IntegerLit:
        value: 1
    - ExprStmt:
      expr:
        IntegerLit:
        value: 89
    - ExprStmt:
      expr:
        IntegerLit:
        value: 10
    - ExprStmt:
      expr:
        IntegerLit:
        value: 255
    - ExprStmt:
      expr:
        IntegerLit:
        value: 16777215
    - ExprStmt:
      expr:
        FloatLit:
        value: 1.100000
    - ExprStmt:
      expr:
        FloatLit:
        value: 1.000000
    - ExprStmt:
      expr:
        FloatLit:
        value: 1000000.000000
    - ExprStmt:
      expr:
        FloatLit:
        value: 0.000019
    - ExprStmt:
      expr:
        StringLit:
        value: ""
    - ExprStmt:
      expr:
        StringLit:
        value: "Hello World"
    - ExprStmt:
      expr:
        StringLit:
        value: "Hello \u4E16\u754C"
